[INFO] Scanning for projects...
[INFO] 
[INFO] -------------------< com.sitmypet:sitmypet-desktop >--------------------
[INFO] Building SitMyPet Desktop 1.0-SNAPSHOT
[INFO] --------------------------------[ jar ]---------------------------------
[WARNING] The artifact mysql:mysql-connector-java:jar:8.0.33 has been relocated to com.mysql:mysql-connector-j:jar:8.0.33: MySQL Connector/J artifacts moved to reverse-DNS compliant Maven 2+ coordinates.
[INFO] 
[INFO] --- maven-clean-plugin:2.5:clean (default-clean) @ sitmypet-desktop ---
[INFO] Deleting C:\Users\Med Yassine\IdeaProjects\SitMyPet-Desktop\SitMyPet-Desktop\target
[INFO] 
[INFO] --- maven-resources-plugin:2.6:resources (default-resources) @ sitmypet-desktop ---
[INFO] Using 'UTF-8' encoding to copy filtered resources.
[INFO] Copying 55 resources
[INFO] 
[INFO] --- maven-compiler-plugin:3.13.0:compile (default-compile) @ sitmypet-desktop ---
[INFO] Recompiling the module because of changed source code.
[INFO] Compiling 87 source files with javac [debug target 17] to target\classes
[WARNING] system modules path not set in conjunction with -source 17
[INFO] /C:/Users/Med Yassine/IdeaProjects/SitMyPet-Desktop/SitMyPet-Desktop/src/main/java/com/sitmypet/utils/TraductionService.java: C:\Users\Med Yassine\IdeaProjects\SitMyPet-Desktop\SitMyPet-Desktop\src\main\java\com\sitmypet\utils\TraductionService.java uses or overrides a deprecated API.
[INFO] /C:/Users/Med Yassine/IdeaProjects/SitMyPet-Desktop/SitMyPet-Desktop/src/main/java/com/sitmypet/utils/TraductionService.java: Recompile with -Xlint:deprecation for details.
[INFO] ------------------------------------------------------------------------
[INFO] BUILD SUCCESS
[INFO] ------------------------------------------------------------------------
[INFO] Total time:  4.864 s
[INFO] Finished at: 2026-05-06T02:02:57+01:00
[INFO] ------------------------------------------------------------------------
